
> vayzo-admin@0.0.0 build
> vite build

[36mvite v8.2.1 [32mbuilding client environment for production...[36m[39m
[2Ktransforming...✓ 27 modules transformed.
rendering chunks...
computing gzip size...
dist/index.html                   0.47 kB │ gzip:  0.30 kB
dist/assets/index-CD_r7iw2.css   15.35 kB │ gzip:  4.10 kB
dist/assets/index-DZtYeQnO.js   242.40 kB │ gzip: 76.51 kB

[32m✓ built in 22.67s[39m
[33m[33m[PLUGIN_TIMINGS] [0mYour build spent 72% of 21.8s inside plugin hooks (15.7s).
Measured inside the callback, so queue time is excluded and time the callback itself awaited is not:
  - vite:css-post renderChunk (32%, 6.9s, 1 call)
  - vite:css transform (17%, 3.8s, 1 call)
  - vite:build-html transform (14%, 3.0s, 1 call)
See https://rolldown.rs/reference/InputOptions.checks#plugintimings for more details.
[39m
